// Jest Snapshot v1, https://goo.gl/fbAQLP

exports[`snapshot with no pets 1`] = `
<div
  className="grid gap-4 grid-cols-1 sm:grid-cols-2 lg:grid-cols-3"
>
  <h2>
    No Pets Found
  </h2>
</div>
`;
